Archive member included to satisfy reference by file (symbol)

C:/ST/STM32CubeIDE_1.19.0/STM32CubeIDE/plugins/com.st.stm32cube.ide.mcu.externaltools.gnu-tools-for-stm32.13.3.rel1.win32_1.0.0.202411081344/tools/bin/../lib/gcc/arm-none-eabi/13.3.1/../../../../arm-none-eabi/lib/thumb/v8-m.main+fp/hard\libc_nano.a(libc_a-exit.o)
                              C:/ST/STM32CubeIDE_1.19.0/STM32CubeIDE/plugins/com.st.stm32cube.ide.mcu.externaltools.gnu-tools-for-stm32.13.3.rel1.win32_1.0.0.202411081344/tools/bin/../lib/gcc/arm-none-eabi/13.3.1/../../../../arm-none-eabi/lib/thumb/v8-m.main+fp/hard/crt0.o (exit)
C:/ST/STM32CubeIDE_1.19.0/STM32CubeIDE/plugins/com.st.stm32cube.ide.mcu.externaltools.gnu-tools-for-stm32.13.3.rel1.win32_1.0.0.202411081344/tools/bin/../lib/gcc/arm-none-eabi/13.3.1/../../../../arm-none-eabi/lib/thumb/v8-m.main+fp/hard\libc_nano.a(libc_a-findfp.o)
                              C:/ST/STM32CubeIDE_1.19.0/STM32CubeIDE/plugins/com.st.stm32cube.ide.mcu.externaltools.gnu-tools-for-stm32.13.3.rel1.win32_1.0.0.202411081344/tools/bin/../lib/gcc/arm-none-eabi/13.3.1/../../../../arm-none-eabi/lib/thumb/v8-m.main+fp/hard\libc_nano.a(libc_a-exit.o) (__stdio_exit_handler)
C:/ST/STM32CubeIDE_1.19.0/STM32CubeIDE/plugins/com.st.stm32cube.ide.mcu.externaltools.gnu-tools-for-stm32.13.3.rel1.win32_1.0.0.202411081344/tools/bin/../lib/gcc/arm-none-eabi/13.3.1/../../../../arm-none-eabi/lib/thumb/v8-m.main+fp/hard\libc_nano.a(libc_a-fwalk.o)
                              C:/ST/STM32CubeIDE_1.19.0/STM32CubeIDE/plugins/com.st.stm32cube.ide.mcu.externaltools.gnu-tools-for-stm32.13.3.rel1.win32_1.0.0.202411081344/tools/bin/../lib/gcc/arm-none-eabi/13.3.1/../../../../arm-none-eabi/lib/thumb/v8-m.main+fp/hard\libc_nano.a(libc_a-findfp.o) (_fwalk_sglue)
C:/ST/STM32CubeIDE_1.19.0/STM32CubeIDE/plugins/com.st.stm32cube.ide.mcu.externaltools.gnu-tools-for-stm32.13.3.rel1.win32_1.0.0.202411081344/tools/bin/../lib/gcc/arm-none-eabi/13.3.1/../../../../arm-none-eabi/lib/thumb/v8-m.main+fp/hard\libc_nano.a(libc_a-stdio.o)
                              C:/ST/STM32CubeIDE_1.19.0/STM32CubeIDE/plugins/com.st.stm32cube.ide.mcu.externaltools.gnu-tools-for-stm32.13.3.rel1.win32_1.0.0.202411081344/tools/bin/../lib/gcc/arm-none-eabi/13.3.1/../../../../arm-none-eabi/lib/thumb/v8-m.main+fp/hard\libc_nano.a(libc_a-findfp.o) (__sread)
C:/ST/STM32CubeIDE_1.19.0/STM32CubeIDE/plugins/com.st.stm32cube.ide.mcu.externaltools.gnu-tools-for-stm32.13.3.rel1.win32_1.0.0.202411081344/tools/bin/../lib/gcc/arm-none-eabi/13.3.1/../../../../arm-none-eabi/lib/thumb/v8-m.main+fp/hard\libc_nano.a(libc_a-memset.o)
                              C:/ST/STM32CubeIDE_1.19.0/STM32CubeIDE/plugins/com.st.stm32cube.ide.mcu.externaltools.gnu-tools-for-stm32.13.3.rel1.win32_1.0.0.202411081344/tools/bin/../lib/gcc/arm-none-eabi/13.3.1/../../../../arm-none-eabi/lib/thumb/v8-m.main+fp/hard/crt0.o (memset)
C:/ST/STM32CubeIDE_1.19.0/STM32CubeIDE/plugins/com.st.stm32cube.ide.mcu.externaltools.gnu-tools-for-stm32.13.3.rel1.win32_1.0.0.202411081344/tools/bin/../lib/gcc/arm-none-eabi/13.3.1/../../../../arm-none-eabi/lib/thumb/v8-m.main+fp/hard\libc_nano.a(libc_a-closer.o)
                              C:/ST/STM32CubeIDE_1.19.0/STM32CubeIDE/plugins/com.st.stm32cube.ide.mcu.externaltools.gnu-tools-for-stm32.13.3.rel1.win32_1.0.0.202411081344/tools/bin/../lib/gcc/arm-none-eabi/13.3.1/../../../../arm-none-eabi/lib/thumb/v8-m.main+fp/hard\libc_nano.a(libc_a-stdio.o) (_close_r)
C:/ST/STM32CubeIDE_1.19.0/STM32CubeIDE/plugins/com.st.stm32cube.ide.mcu.externaltools.gnu-tools-for-stm32.13.3.rel1.win32_1.0.0.202411081344/tools/bin/../lib/gcc/arm-none-eabi/13.3.1/../../../../arm-none-eabi/lib/thumb/v8-m.main+fp/hard\libc_nano.a(libc_a-reent.o)
                              C:/ST/STM32CubeIDE_1.19.0/STM32CubeIDE/plugins/com.st.stm32cube.ide.mcu.externaltools.gnu-tools-for-stm32.13.3.rel1.win32_1.0.0.202411081344/tools/bin/../lib/gcc/arm-none-eabi/13.3.1/../../../../arm-none-eabi/lib/thumb/v8-m.main+fp/hard\libc_nano.a(libc_a-closer.o) (errno)
C:/ST/STM32CubeIDE_1.19.0/STM32CubeIDE/plugins/com.st.stm32cube.ide.mcu.externaltools.gnu-tools-for-stm32.13.3.rel1.win32_1.0.0.202411081344/tools/bin/../lib/gcc/arm-none-eabi/13.3.1/../../../../arm-none-eabi/lib/thumb/v8-m.main+fp/hard\libc_nano.a(libc_a-impure.o)
                              C:/ST/STM32CubeIDE_1.19.0/STM32CubeIDE/plugins/com.st.stm32cube.ide.mcu.externaltools.gnu-tools-for-stm32.13.3.rel1.win32_1.0.0.202411081344/tools/bin/../lib/gcc/arm-none-eabi/13.3.1/../../../../arm-none-eabi/lib/thumb/v8-m.main+fp/hard\libc_nano.a(libc_a-reent.o) (_impure_ptr)
C:/ST/STM32CubeIDE_1.19.0/STM32CubeIDE/plugins/com.st.stm32cube.ide.mcu.externaltools.gnu-tools-for-stm32.13.3.rel1.win32_1.0.0.202411081344/tools/bin/../lib/gcc/arm-none-eabi/13.3.1/../../../../arm-none-eabi/lib/thumb/v8-m.main+fp/hard\libc_nano.a(libc_a-lseekr.o)
[...]
Memory Configuration

Name             Origin             Length             Attributes
RAM              0x20000000         0x000a0000         xrw
FLASH            0x08000000         0x00200000         xr
*default*        0x00000000         0xffffffff

Linker script and memory map

LOAD C:/ST/STM32CubeIDE_1.19.0/STM32CubeIDE/plugins/com.st.stm32cube.ide.mcu.externaltools.gnu-tools-for-stm32.13.3.rel1.win32_1.0.0.202411081344/tools/bin/../lib/gcc/arm-none-eabi/13.3.1/thumb/v8-m.main+fp/hard/crti.o
LOAD C:/ST/STM32CubeIDE_1.19.0/STM32CubeIDE/plugins/com.st.stm32cube.ide.mcu.externaltools.gnu-tools-for-stm32.13.3.rel1.win32_1.0.0.202411081344/tools/bin/../lib/gcc/arm-none-eabi/13.3.1/thumb/v8-m.main+fp/hard/crtbegin.o
LOAD C:/ST/STM32CubeIDE_1.19.0/STM32CubeIDE/plugins/com.st.stm32cube.ide.mcu.externaltools.gnu-tools-for-stm32.13.3.rel1.win32_1.0.0.202411081344/tools/bin/../lib/gcc/arm-none-eabi/13.3.1/../../../../arm-none-eabi/lib/thumb/v8-m.main+fp/hard/crt0.o
LOAD ./Core/Src/main.o
LOAD ./Core/Src/stm32h5xx_hal_msp.o
LOAD ./Core/Src/stm32h5xx_it.o
LOAD ./Core/Src/syscalls.o
LOAD ./Core/Src/sysmem.o
LOAD ./Core/Src/system_stm32h5xx.o
LOAD ./Core/Startup/startup_stm32h573ritx.o
LOAD ./Drivers/STM32H5xx_HAL_Driver/Src/stm32h5xx_hal.o
LOAD ./Drivers/STM32H5xx_HAL_Driver/Src/stm32h5xx_hal_cortex.o
LOAD ./Drivers/STM32H5xx_HAL_Driver/Src/stm32h5xx_hal_dma.o
LOAD ./Drivers/STM32H5xx_HAL_Driver/Src/stm32h5xx_hal_dma_ex.o
LOAD ./Drivers/STM32H5xx_HAL_Driver/Src/stm32h5xx_hal_exti.o
LOAD ./Drivers/STM32H5xx_HAL_Driver/Src/stm32h5xx_hal_flash.o
LOAD ./Drivers/STM32H5xx_HAL_Driver/Src/stm32h5xx_hal_flash_ex.o
LOAD ./Drivers/STM32H5xx_HAL_Driver/Src/stm32h5xx_hal_gpio.o
LOAD ./Drivers/STM32H5xx_HAL_Driver/Src/stm32h5xx_hal_i2c.o
LOAD ./Drivers/STM32H5xx_HAL_Driver/Src/stm32h5xx_hal_i2c_ex.o
LOAD ./Drivers/STM32H5xx_HAL_Driver/Src/stm32h5xx_hal_i3c.o
LOAD ./Drivers/STM32H5xx_HAL_Driver/Src/stm32h5xx_hal_icache.o
LOAD ./Drivers/STM32H5xx_HAL_Driver/Src/stm32h5xx_hal_pcd.o
LOAD ./Drivers/STM32H5xx_HAL_Driver/Src/stm32h5xx_hal_pcd_ex.o
LOAD ./Drivers/STM32H5xx_HAL_Driver/Src/stm32h5xx_hal_pwr.o
LOAD ./Drivers/STM32H5xx_HAL_Driver/Src/stm32h5xx_hal_pwr_ex.o
LOAD ./Drivers/STM32H5xx_HAL_Driver/Src/stm32h5xx_hal_rcc.o
LOAD ./Drivers/STM32H5xx_HAL_Driver/Src/stm32h5xx_hal_rcc_ex.o
LOAD ./Drivers/STM32H5xx_HAL_Driver/Src/stm32h5xx_hal_spi.o
LOAD ./Drivers/STM32H5xx_HAL_Driver/Src/stm32h5xx_hal_spi_ex.o
LOAD ./Drivers/STM32H5xx_HAL_Driver/Src/stm32h5xx_hal_uart.o
LOAD ./Drivers/STM32H5xx_HAL_Driver/Src/stm32h5xx_hal_uart_ex.o
LOAD ./Drivers/STM32H5xx_HAL_Driver/Src/stm32h5xx_ll_usb.o
LOAD ./Drivers/STM32H5xx_HAL_Driver/Src/stm32h5xx_util_i3c.o
START GROUP
LOAD C:/ST/STM32CubeIDE_1.19.0/STM32CubeIDE/plugins/com.st.stm32cube.ide.mcu.externaltools.gnu-tools-for-stm32.13.3.rel1.win32_1.0.0.202411081344/tools/bin/../lib/gcc/arm-none-eabi/13.3.1/../../../../arm-none-eabi/lib/thumb/v8-m.main+fp/hard\libc_nano.a
LOAD C:/ST/STM32CubeIDE_1.19.0/STM32CubeIDE/plugins/com.st.stm32cube.ide.mcu.externaltools.gnu-tools-for-stm32.13.3.rel1.win32_1.0.0.202411081344/tools/bin/../lib/gcc/arm-none-eabi/13.3.1/../../../../arm-none-eabi/lib/thumb/v8-m.main+fp/hard\libm.a
END GROUP
START GROUP
LOAD C:/ST/STM32CubeIDE_1.19.0/STM32CubeIDE/plugins/com.st.stm32cube.ide.mcu.externaltools.gnu-tools-for-stm32.13.3.rel1.win32_1.0.0.202411081344/tools/bin/../lib/gcc/arm-none-eabi/13.3.1/thumb/v8-m.main+fp/hard\libgcc.a
LOAD C:/ST/STM32CubeIDE_1.19.0/STM32CubeIDE/plugins/com.st.stm32cube.ide.mcu.externaltools.gnu-tools-for-stm32.13.3.rel1.win32_1.0.0.202411081344/tools/bin/../lib/gcc/arm-none-eabi/13.3.1/../../../../arm-none-eabi/lib/thumb/v8-m.main+fp/hard\libc_nano.a
END GROUP
START GROUP
LOAD C:/ST/STM32CubeIDE_1.19.0/STM32CubeIDE/plugins/com.st.stm32cube.ide.mcu.externaltools.gnu-tools-for-stm32.13.3.rel1.win32_1.0.0.202411081344/tools/bin/../lib/gcc/arm-none-eabi/13.3.1/thumb/v8-m.main+fp/hard\libgcc.a
LOAD C:/ST/STM32CubeIDE_1.19.0/STM32CubeIDE/plugins/com.st.stm32cube.ide.mcu.externaltools.gnu-tools-for-stm32.13.3.rel1.win32_1.0.0.202411081344/tools/bin/../lib/gcc/arm-none-eabi/13.3.1/../../../../arm-none-eabi/lib/thumb/v8-m.main+fp/hard\libc_nano.a
LOAD C:/ST/STM32CubeIDE_1.19.0/STM32CubeIDE/plugins/com.st.stm32cube.ide.mcu.externaltools.gnu-tools-for-stm32.13.3.rel1.win32_1.0.0.202411081344/tools/bin/../lib/gcc/arm-none-eabi/13.3.1/../../../../arm-none-eabi/lib/thumb/v8-m.main+fp/hard\libnosys.a
END GROUP
START GROUP
LOAD C:/ST/STM32CubeIDE_1.19.0/STM32CubeIDE/plugins/com.st.stm32cube.ide.mcu.externaltools.gnu-tools-for-stm32.13.3.rel1.win32_1.0.0.202411081344/tools/bin/../lib/gcc/arm-none-eabi/13.3.1/thumb/v8-m.main+fp/hard\libgcc.a
LOAD C:/ST/STM32CubeIDE_1.19.0/STM32CubeIDE/plugins/com.st.stm32cube.ide.mcu.externaltools.gnu-tools-for-stm32.13.3.rel1.win32_1.0.0.202411081344/tools/bin/../lib/gcc/arm-none-eabi/13.3.1/../../../../arm-none-eabi/lib/thumb/v8-m.main+fp/hard\libc_nano.a
LOAD C:/ST/STM32CubeIDE_1.19.0/STM32CubeIDE/plugins/com.st.stm32cube.ide.mcu.externaltools.gnu-tools-for-stm32.13.3.rel1.win32_1.0.0.202411081344/tools/bin/../lib/gcc/arm-none-eabi/13.3.1/../../../../arm-none-eabi/lib/thumb/v8-m.main+fp/hard\libnosys.a
END GROUP
LOAD C:/ST/STM32CubeIDE_1.19.0/STM32CubeIDE/plugins/com.st.stm32cube.ide.mcu.externaltools.gnu-tools-for-stm32.13.3.rel1.win32_1.0.0.202411081344/tools/bin/../lib/gcc/arm-none-eabi/13.3.1/thumb/v8-m.main+fp/hard/crtend.o
LOAD C:/ST/STM32CubeIDE_1.19.0/STM32CubeIDE/plugins/com.st.stm32cube.ide.mcu.externaltools.gnu-tools-for-stm32.13.3.rel1.win32_1.0.0.202411081344/tools/bin/../lib/gcc/arm-none-eabi/13.3.1/thumb/v8-m.main+fp/hard/crtn.o
                0x200a0000                        _estack = (ORIGIN (RAM) + LENGTH (RAM))
                0x00000200                        _Min_Heap_Size = 0x200
                0x00000400                        _Min_Stack_Size = 0x400

.isr_vector     0x08000000      0x24c
                0x08000000                        . = ALIGN (0x4)
 *(.isr_vector)
 .isr_vector    0x08000000      0x24c ./Core/Startup/startup_stm32h573ritx.o
                0x08000000                g_pfnVectors
                0x0800024c                        . = ALIGN (0x4)

.text           0x0800024c     0x9684
                0x0800024c                        . = ALIGN (0x4)
 *(.text)
 .text          0x0800024c       0x40 C:/ST/STM32CubeIDE_1.19.0/STM32CubeIDE/plugins/com.st.stm32cube.ide.mcu.externaltools.gnu-tools-for-stm32.13.3.rel1.win32_1.0.0.202411081344/tools/bin/../lib/gcc/arm-none-eabi/13.3.1/thumb/v8-m.main+fp/hard/crtbegin.o
 .text          0x0800028c       0x30 C:/ST/STM32CubeIDE_1.19.0/STM32CubeIDE/plugins/com.st.stm32cube.ide.mcu.externaltools.gnu-tools-for-stm32.13.3.rel1.win32_1.0.0.202411081344/tools/bin/../lib/gcc/arm-none-eabi/13.3.1/thumb/v8-m.main+fp/hard\libgcc.a(_aeabi_uldivmod.o)
                0x0800028c                __aeabi_uldivmod
 .text          0x080002bc      0x348 C:/ST/STM32CubeIDE_1.19.0/STM32CubeIDE/plugins/com.st.stm32cube.ide.mcu.externaltools.gnu-tools-for-stm32.13.3.rel1.win32_1.0.0.202411081344/tools/bin/../lib/gcc/arm-none-eabi/13.3.1/thumb/v8-m.main+fp/hard\libgcc.a(_udivmoddi4.o)
                0x080002bc                __udivmoddi4
 .text          0x08000604        0x4 C:/ST/STM32CubeIDE_1.19.0/STM32CubeIDE/plugins/com.st.stm32cube.ide.mcu.externaltools.gnu-tools-for-stm32.13.3.rel1.win32_1.0.0.202411081344/tools/bin/../lib/gcc/arm-none-eabi/13.3.1/thumb/v8-m.main+fp/hard\libgcc.a(_dvmd_tls.o)
                0x08000604                __aeabi_idiv0
                0x08000604                __aeabi_ldiv0
 *(.text*)
 .text.rgb_set  0x08000608       0x68 ./Core/Src/main.o
 .text.main     0x08000670       0xd4 ./Core/Src/main.o
                0x08000670                main
 .text.SystemClock_Config
                0x08000744       0xec ./Core/Src/main.o
                0x08000744                SystemClock_Config
 .text.MX_I2C2_Init
                0x08000830       0x80 ./Core/Src/main.o
 .text.MX_I2C3_Init
                0x080008b0       0x80 ./Core/Src/main.o
 .text.MX_I3C1_Init
                0x08000930       0xd4 ./Core/Src/main.o
 .text.MX_ICACHE_Init
                0x08000a04       0x26 ./Core/Src/main.o
 *fill*         0x08000a2a        0x2 
 .text.MX_SPI1_Init
                0x08000a2c       0xac ./Core/Src/main.o
 .text.MX_SPI2_Init
                0x08000ad8       0xac ./Core/Src/main.o
 .text.MX_UART4_Init
                0x08000b84       0x98 ./Core/Src/main.o
 .text.MX_USART1_UART_Init
                0x08000c1c       0x98 ./Core/Src/main.o
 .text.MX_USART2_UART_Init
                0x08000cb4       0x98 ./Core/Src/main.o
 .text.MX_USB_PCD_Init
                0x08000d4c       0x64 ./Core/Src/main.o
 .text.MX_GPIO_Init
                0x08000db0       0xc8 ./Core/Src/main.o
 .text.Error_Handler
                0x08000e78        0xc ./Core/Src/main.o
                0x08000e78                Error_Handler
 .text.HAL_MspInit
                0x08000e84        0xe ./Core/Src/stm32h5xx_hal_msp.o
                0x08000e84                HAL_MspInit
 *fill*         0x08000e92        0x2 
 .text.HAL_I2C_MspInit
                0x08000e94      0x258 ./Core/Src/stm32h5xx_hal_msp.o
                0x08000e94                HAL_I2C_MspInit
 .text.HAL_I3C_MspInit
                0x080010ec      0x11c ./Core/Src/stm32h5xx_hal_msp.o
                0x080010ec                HAL_I3C_MspInit
 .text.HAL_SPI_MspInit
                0x08001208      0x254 ./Core/Src/stm32h5xx_hal_msp.o
                0x08001208                HAL_SPI_MspInit
 .text.HAL_UART_MspInit
                0x0800145c      0x2c4 ./Core/Src/stm32h5xx_hal_msp.o
                0x0800145c                HAL_UART_MspInit
 .text.HAL_PCD_MspInit
                0x08001720       0xb4 ./Core/Src/stm32h5xx_hal_msp.o
                0x08001720                HAL_PCD_MspInit
 .text.NMI_Handler
                0x080017d4        0x8 ./Core/Src/stm32h5xx_it.o
                0x080017d4                NMI_Handler
 .text.HardFault_Handler
                0x080017dc        0x8 ./Core/Src/stm32h5xx_it.o
                0x080017dc                HardFault_Handler
 .text.MemManage_Handler
                0x080017e4        0x8 ./Core/Src/stm32h5xx_it.o
                0x080017e4                MemManage_Handler
 .text.BusFault_Handler
                0x080017ec        0x8 ./Core/Src/stm32h5xx_it.o
                0x080017ec                BusFault_Handler
 .text.UsageFault_Handler
                0x080017f4        0x8 ./Core/Src/stm32h5xx_it.o
                0x080017f4                UsageFault_Handler
 .text.SVC_Handler
                0x080017fc        0xe ./Core/Src/stm32h5xx_it.o
                0x080017fc                SVC_Handler
 .text.DebugMon_Handler
                0x0800180a        0xe ./Core/Src/stm32h5xx_it.o
                0x0800180a                DebugMon_Handler
 .text.PendSV_Handler
                0x08001818        0xe ./Core/Src/stm32h5xx_it.o
                0x08001818                PendSV_Handler
 .text.SysTick_Handler
                0x08001826        0xc ./Core/Src/stm32h5xx_it.o
                0x08001826                SysTick_Handler
 *fill*         0x08001832        0x2 
 .text.SystemInit
                0x08001834       0xf8 ./Core/Src/system_stm32h5xx.o
                0x08001834                SystemInit
 .text.Reset_Handler
                0x0800192c       0x50 ./Core/Startup/startup_stm32h573ritx.o
                0x0800192c                Reset_Handler
 .text.Default_Handler
                0x0800197c        0x2 ./Core/Startup/startup_stm32h573ritx.o
                0x0800197c                EXTI2_IRQHandler
                0x0800197c                TIM8_TRG_COM_IRQHandler
                0x0800197c                TIM8_CC_IRQHandler
                0x0800197c                EXTI5_IRQHandler
                0x0800197c                I3C1_ER_IRQHandler
                0x0800197c                UART8_IRQHandler
                0x0800197c                SPI4_IRQHandler
                0x0800197c                GPDMA2_Channel1_IRQHandler
                0x0800197c                FLASH_S_IRQHandler
                0x0800197c                EXTI13_IRQHandler
                0x0800197c                TIM1_CC_IRQHandler
                0x0800197c                GPDMA2_Channel3_IRQHandler
                0x0800197c                TAMP_IRQHandler
                0x0800197c                TIM6_IRQHandler
                0x0800197c                EXTI12_IRQHandler
                0x0800197c                CORDIC_IRQHandler
                0x0800197c                USB_DRD_FS_IRQHandler
                0x0800197c                EXTI3_IRQHandler
                0x0800197c                LPTIM4_IRQHandler
                0x0800197c                GPDMA1_Channel5_IRQHandler
                0x0800197c                EXTI8_IRQHandler
                0x0800197c                GPDMA2_Channel5_IRQHandler
                0x0800197c                LPTIM2_IRQHandler
                0x0800197c                I2C3_ER_IRQHandler
                0x0800197c                GPDMA2_Channel2_IRQHandler
                0x0800197c                USART10_IRQHandler
                0x0800197c                LPTIM3_IRQHandler
                0x0800197c                EXTI0_IRQHandler
                0x0800197c                I2C2_EV_IRQHandler
                0x0800197c                FPU_IRQHandler
                0x0800197c                GPDMA1_Channel3_IRQHandler
                0x0800197c                GPDMA1_Channel7_IRQHandler
                0x0800197c                FDCAN1_IT1_IRQHandler
                0x0800197c                RAMCFG_IRQHandler
                0x0800197c                DCACHE1_IRQHandler
                0x0800197c                SPI1_IRQHandler
                0x0800197c                OCTOSPI1_IRQHandler
                0x0800197c                GPDMA1_Channel2_IRQHandler
                0x0800197c                TIM8_UP_IRQHandler
                0x0800197c                RCC_S_IRQHandler
                0x0800197c                SAI2_IRQHandler
                0x0800197c                ADC1_IRQHandler
                0x0800197c                PKA_IRQHandler
                0x0800197c                USART6_IRQHandler
                0x0800197c                EXTI15_IRQHandler
                0x0800197c                TIM17_IRQHandler
                0x0800197c                USART3_IRQHandler
                0x0800197c                RTC_IRQHandler
                0x0800197c                EXTI9_IRQHandler
                0x0800197c                LPTIM5_IRQHandler
                0x0800197c                UART5_IRQHandler
                0x0800197c                TIM4_IRQHandler
                0x0800197c                I2C1_EV_IRQHandler
                0x0800197c                GPDMA1_Channel1_IRQHandler
                0x0800197c                TIM16_IRQHandler
                0x0800197c                UART4_IRQHandler
                0x0800197c                SecureFault_Handler
                0x0800197c                TIM3_IRQHandler
                0x0800197c                RCC_IRQHandler
                0x0800197c                UART9_IRQHandler
                0x0800197c                TIM1_TRG_COM_IRQHandler
                0x0800197c                Default_Handler
                0x0800197c                FMAC_IRQHandler
                0x0800197c                CEC_IRQHandler
                0x0800197c                USART11_IRQHandler
                0x0800197c                TIM14_IRQHandler
                0x0800197c                TIM13_IRQHandler
                0x0800197c                OTFDEC1_IRQHandler
                0x0800197c                GPDMA2_Channel4_IRQHandler
                0x0800197c                SPI5_IRQHandler
                0x0800197c                TIM12_IRQHandler
                0x0800197c                TIM7_IRQHandler
                0x0800197c                SDMMC1_IRQHandler
                0x0800197c                SAES_IRQHandler
                0x0800197c                TIM5_IRQHandler
                0x0800197c                UCPD1_IRQHandler
                0x0800197c                GPDMA1_Channel0_IRQHandler
                0x0800197c                I3C1_EV_IRQHandler
                0x0800197c                TIM15_IRQHandler
                0x0800197c                PVD_AVD_IRQHandler
                0x0800197c                I2C3_EV_IRQHandler
                0x0800197c                ETH_WKUP_IRQHandler
                0x0800197c                ADC2_IRQHandler
                0x0800197c                SPI2_IRQHandler
                0x0800197c                EXTI14_IRQHandler
                0x0800197c                EXTI11_IRQHandler
                0x0800197c                CRS_IRQHandler
                0x0800197c                EXTI4_IRQHandler
                0x0800197c                GPDMA2_Channel0_IRQHandler
                0x0800197c                RTC_S_IRQHandler
                0x0800197c                RNG_IRQHandler
                0x0800197c                FDCAN2_IT1_IRQHandler
                0x0800197c                ETH_IRQHandler
                0x0800197c                GPDMA2_Channel6_IRQHandler
                0x0800197c                TIM1_UP_IRQHandler
                0x0800197c                UART12_IRQHandler
                0x0800197c                WWDG_IRQHandler
                0x0800197c                SPI6_IRQHandler
                0x0800197c                I2C4_EV_IRQHandler
                0x0800197c                FDCAN2_IT0_IRQHandler
                0x0800197c                IWDG_IRQHandler
                0x0800197c                LPUART1_IRQHandler
                0x0800197c                FDCAN1_IT0_IRQHandler
                0x0800197c                TIM2_IRQHandler
                0x0800197c                GPDMA1_Channel4_IRQHandler
                0x0800197c                EXTI7_IRQHandler
                0x0800197c                TIM1_BRK_IRQHandler
                0x0800197c                EXTI1_IRQHandler
                0x0800197c                SDMMC2_IRQHandler
                0x0800197c                AES_IRQHandler
                0x0800197c                LPTIM6_IRQHandler
                0x0800197c                DAC1_IRQHandler
                0x0800197c                DTS_IRQHandler
                0x0800197c                UART7_IRQHandler
                0x0800197c                GTZC_IRQHandler
                0x0800197c                USART2_IRQHandler
                0x0800197c                GPDMA1_Channel6_IRQHandler
                0x0800197c                GPDMA2_Channel7_IRQHandler
                0x0800197c                I2C2_ER_IRQHandler
                0x0800197c                TIM8_BRK_IRQHandler
                0x0800197c                FLASH_IRQHandler
                0x0800197c                USART1_IRQHandler
                0x0800197c                EXTI10_IRQHandler
                0x0800197c                SPI3_IRQHandler
                0x0800197c                I2C1_ER_IRQHandler
                0x0800197c                FMC_IRQHandler
                0x0800197c                EXTI6_IRQHandler
                0x0800197c                LPTIM1_IRQHandler
                0x0800197c                DCMI_PSSI_IRQHandler
                0x0800197c                I2C4_ER_IRQHandler
                0x0800197c                ICACHE_IRQHandler
                0x0800197c                SAI1_IRQHandler
                0x0800197c                HASH_IRQHandler
 *fill*         0x0800197e        0x2 
 .text.HAL_Init
                0x08001980       0x50 ./Drivers/STM32H5xx_HAL_Driver/Src/stm32h5xx_hal.o
                0x08001980                HAL_Init
 .text.HAL_InitTick
                0x080019d0       0xec ./Drivers/STM32H5xx_HAL_Driver/Src/stm32h5xx_hal.o
                0x080019d0                HAL_InitTick
 .text.HAL_IncTick
                0x08001abc       0x28 ./Drivers/STM32H5xx_HAL_Driver/Src/stm32h5xx_hal.o
                0x08001abc                HAL_IncTick
 .text.HAL_GetTick
                0x08001ae4       0x18 ./Drivers/STM32H5xx_HAL_Driver/Src/stm32h5xx_hal.o
                0x08001ae4                HAL_GetTick
 .text.HAL_Delay
                0x08001afc       0x48 ./Drivers/STM32H5xx_HAL_Driver/Src/stm32h5xx_hal.o
                0x08001afc                HAL_Delay
 .text.__NVIC_SetPriorityGrouping
                0x08001b44       0x48 ./Drivers/STM32H5xx_HAL_Driver/Src/stm32h5xx_hal_cortex.o
 .text.__NVIC_GetPriorityGrouping
                0x08001b8c       0x1c ./Drivers/STM32H5xx_HAL_Driver/Src/stm32h5xx_hal_cortex.o
 .text.__NVIC_SetPriority
                0x08001ba8       0x54 ./Drivers/STM32H5xx_HAL_Driver/Src/stm32h5xx_hal_cortex.o
 .text.NVIC_EncodePriority
                0x08001bfc       0x66 ./Drivers/STM32H5xx_HAL_Driver/Src/stm32h5xx_hal_cortex.o
 .text.HAL_NVIC_SetPriorityGrouping
                0x08001c62       0x16 ./Drivers/STM32H5xx_HAL_Driver/Src/stm32h5xx_hal_cortex.o
                0x08001c62                HAL_NVIC_SetPriorityGrouping
 .text.HAL_NVIC_SetPriority
                0x08001c78       0x34 ./Drivers/STM32H5xx_HAL_Driver/Src/stm32h5xx_hal_cortex.o
                0x08001c78                HAL_NVIC_SetPriority
 .text.HAL_SYSTICK_Config
                0x08001cac       0x44 ./Drivers/STM32H5xx_HAL_Driver/Src/stm32h5xx_hal_cortex.o
                0x08001cac                HAL_SYSTICK_Config
 .text.HAL_SYSTICK_CLKSourceConfig
                0x08001cf0       0xb0 ./Drivers/STM32H5xx_HAL_Driver/Src/stm32h5xx_hal_cortex.o
                0x08001cf0                HAL_SYSTICK_CLKSourceConfig
 .text.HAL_SYSTICK_GetCLKSourceConfig
                0x08001da0       0x6c ./Drivers/STM32H5xx_HAL_Driver/Src/stm32h5xx_hal_cortex.o
                0x08001da0                HAL_SYSTICK_GetCLKSourceConfig
 .text.HAL_GPIO_Init
                0x08001e0c      0x2bc ./Drivers/STM32H5xx_HAL_Driver/Src/stm32h5xx_hal_gpio.o
                0x08001e0c                HAL_GPIO_Init
 .text.HAL_GPIO_WritePin
                0x080020c8       0x30 ./Drivers/STM32H5xx_HAL_Driver/Src/stm32h5xx_hal_gpio.o
                0x080020c8                HAL_GPIO_WritePin
 .text.HAL_I2C_Init
                0x080020f8      0x136 ./Drivers/STM32H5xx_HAL_Driver/Src/stm32h5xx_hal_i2c.o
                0x080020f8                HAL_I2C_Init
 .text.HAL_I2CEx_ConfigAnalogFilter
                0x0800222e       0x96 ./Drivers/STM32H5xx_HAL_Driver/Src/stm32h5xx_hal_i2c_ex.o
                0x0800222e                HAL_I2CEx_ConfigAnalogFilter
 .text.HAL_I2CEx_ConfigDigitalFilter
                0x080022c4       0x98 ./Drivers/STM32H5xx_HAL_Driver/Src/stm32h5xx_hal_i2c_ex.o
                0x080022c4                HAL_I2CEx_ConfigDigitalFilter
 .text.LL_I3C_Enable
                0x0800235c       0x20 ./Drivers/STM32H5xx_HAL_Driver/Src/stm32h5xx_hal_i3c.o
 .text.LL_I3C_Disable
                0x0800237c       0x20 ./Drivers/STM32H5xx_HAL_Driver/Src/stm32h5xx_hal_i3c.o
 .text.LL_I3C_SetMode
                0x0800239c       0x26 ./Drivers/STM32H5xx_HAL_Driver/Src/stm32h5xx_hal_i3c.o
 .text.LL_I3C_EnableOwnDynAddress
                0x080023c2       0x20 ./Drivers/STM32H5xx_HAL_Driver/Src/stm32h5xx_hal_i3c.o
 .text.LL_I3C_SetOwnDynamicAddress
                0x080023e2       0x28 ./Drivers/STM32H5xx_HAL_Driver/Src/stm32h5xx_hal_i3c.o
 .text.LL_I3C_ConfigClockWaveForm
                0x0800240a       0x1e ./Drivers/STM32H5xx_HAL_Driver/Src/stm32h5xx_hal_i3c.o
 .text.LL_I3C_SetAvalTiming
                0x08002428       0x2a ./Drivers/STM32H5xx_HAL_Driver/Src/stm32h5xx_hal_i3c.o
 .text.LL_I3C_SetCtrlBusCharacteristic
                0x08002452       0x1e ./Drivers/STM32H5xx_HAL_Driver/Src/stm32h5xx_hal_i3c.o
 .text.HAL_I3C_Init
                0x08002470       0xea ./Drivers/STM32H5xx_HAL_Driver/Src/stm32h5xx_hal_i3c.o
                0x08002470                HAL_I3C_Init
 .text.HAL_I3C_SetConfigFifo
                0x0800255a       0xa0 ./Drivers/STM32H5xx_HAL_Driver/Src/stm32h5xx_hal_i3c.o
                0x0800255a                HAL_I3C_SetConfigFifo
 .text.HAL_I3C_Ctrl_Config
                0x080025fa       0xdc ./Drivers/STM32H5xx_HAL_Driver/Src/stm32h5xx_hal_i3c.o
                0x080025fa                HAL_I3C_Ctrl_Config
 *fill*         0x080026d6        0x2 
 .text.HAL_ICACHE_ConfigAssociativityMode
                0x080026d8       0x40 ./Drivers/STM32H5xx_HAL_Driver/Src/stm32h5xx_hal_icache.o
                0x080026d8                HAL_ICACHE_ConfigAssociativityMode
 .text.HAL_ICACHE_Enable
                0x08002718       0x20 ./Drivers/STM32H5xx_HAL_Driver/Src/stm32h5xx_hal_icache.o
                0x08002718                HAL_ICACHE_Enable
 .text.HAL_PCD_Init
                0x08002738      0x202 ./Drivers/STM32H5xx_HAL_Driver/Src/stm32h5xx_hal_pcd.o
                0x08002738                HAL_PCD_Init
 .text.HAL_PCDEx_ActivateLPM
                0x0800293a       0x44 ./Drivers/STM32H5xx_HAL_Driver/Src/stm32h5xx_hal_pcd_ex.o
                0x0800293a                HAL_PCDEx_ActivateLPM
 *fill*         0x0800297e        0x2 
 .text.HAL_PWREx_EnableVddUSB
                0x08002980       0x20 ./Drivers/STM32H5xx_HAL_Driver/Src/stm32h5xx_hal_pwr_ex.o
                0x08002980                HAL_PWREx_EnableVddUSB
 .text.HAL_RCC_OscConfig
                0x080029a0      0x870 ./Drivers/STM32H5xx_HAL_Driver/Src/stm32h5xx_hal_rcc.o
                0x080029a0                HAL_RCC_OscConfig
 .text.HAL_RCC_ClockConfig
                0x08003210      0x370 ./Drivers/STM32H5xx_HAL_Driver/Src/stm32h5xx_hal_rcc.o
                0x08003210                HAL_RCC_ClockConfig
 .text.HAL_RCC_GetSysClockFreq
                0x08003580      0x258 ./Drivers/STM32H5xx_HAL_Driver/Src/stm32h5xx_hal_rcc.o
                0x08003580                HAL_RCC_GetSysClockFreq
 .text.HAL_RCC_GetHCLKFreq
                0x080037d8       0x38 ./Drivers/STM32H5xx_HAL_Driver/Src/stm32h5xx_hal_rcc.o
                0x080037d8                HAL_RCC_GetHCLKFreq
 .text.HAL_RCC_GetPCLK1Freq
                0x08003810       0x2c ./Drivers/STM32H5xx_HAL_Driver/Src/stm32h5xx_hal_rcc.o
                0x08003810                HAL_RCC_GetPCLK1Freq
 .text.HAL_RCC_GetPCLK2Freq
                0x0800383c       0x2c ./Drivers/STM32H5xx_HAL_Driver/Src/stm32h5xx_hal_rcc.o
                0x0800383c                HAL_RCC_GetPCLK2Freq
 .text.HAL_RCC_GetPCLK3Freq
                0x08003868       0x2c ./Drivers/STM32H5xx_HAL_Driver/Src/stm32h5xx_hal_rcc.o
                0x08003868                HAL_RCC_GetPCLK3Freq
 .text.HAL_RCCEx_PeriphCLKConfig
                0x08003894     0x1f14 ./Drivers/STM32H5xx_HAL_Driver/Src/stm32h5xx_hal_rcc_ex.o
                0x08003894                HAL_RCCEx_PeriphCLKConfig
 .text.HAL_RCCEx_GetPLL1ClockFreq
                0x080057a8      0x2d8 ./Drivers/STM32H5xx_HAL_Driver/Src/stm32h5xx_hal_rcc_ex.o
                0x080057a8                HAL_RCCEx_GetPLL1ClockFreq
 .text.HAL_RCCEx_GetPLL2ClockFreq
                0x08005a80      0x2d8 ./Drivers/STM32H5xx_HAL_Driver/Src/stm32h5xx_hal_rcc_ex.o
                0x08005a80                HAL_RCCEx_GetPLL2ClockFreq
 .text.HAL_RCCEx_GetPLL3ClockFreq
                0x08005d58      0x2d8 ./Drivers/STM32H5xx_HAL_Driver/Src/stm32h5xx_hal_rcc_ex.o
                0x08005d58                HAL_RCCEx_GetPLL3ClockFreq
 .text.HAL_RCCEx_GetPeriphCLKFreq
                0x08006030     0x26b4 ./Drivers/STM32H5xx_HAL_Driver/Src/stm32h5xx_hal_rcc_ex.o
                0x08006030                HAL_RCCEx_GetPeriphCLKFreq
 .text.RCCEx_PLL2_Config
                0x080086e4      0x130 ./Drivers/STM32H5xx_HAL_Driver/Src/stm32h5xx_hal_rcc_ex.o
 .text.RCCEx_PLL3_Config
                0x08008814      0x130 ./Drivers/STM32H5xx_HAL_Driver/Src/stm32h5xx_hal_rcc_ex.o
 .text.HAL_SPI_Init
                0x08008944      0x2e0 ./Drivers/STM32H5xx_HAL_Driver/Src/stm32h5xx_hal_spi.o
                0x08008944                HAL_SPI_Init
 .text.SPI_GetPacketSize
                0x08008c24       0x36 ./Drivers/STM32H5xx_HAL_Driver/Src/stm32h5xx_hal_spi.o
 .text.HAL_UART_Init
                0x08008c5a       0xa0 ./Drivers/STM32H5xx_HAL_Driver/Src/stm32h5xx_hal_uart.o
                0x08008c5a                HAL_UART_Init
 *fill*         0x08008cfa        0x2 
 .text.UART_SetConfig
                0x08008cfc      0x3dc ./Drivers/STM32H5xx_HAL_Driver/Src/stm32h5xx_hal_uart.o
                0x08008cfc                UART_SetConfig
 .text.UART_AdvFeatureConfig
                0x080090d8      0x144 ./Drivers/STM32H5xx_HAL_Driver/Src/stm32h5xx_hal_uart.o
                0x080090d8                UART_AdvFeatureConfig
 .text.UART_CheckIdleState
                0x0800921c      0x154 ./Drivers/STM32H5xx_HAL_Driver/Src/stm32h5xx_hal_uart.o
                0x0800921c                UART_CheckIdleState
 .text.UART_WaitOnFlagUntilTimeout
                0x08009370       0xda ./Drivers/STM32H5xx_HAL_Driver/Src/stm32h5xx_hal_uart.o
                0x08009370                UART_WaitOnFlagUntilTimeout
 .text.UART_EndRxTransfer
                0x0800944a       0xcc ./Drivers/STM32H5xx_HAL_Driver/Src/stm32h5xx_hal_uart.o
 .text.HAL_UARTEx_DisableFifoMode
                0x08009516       0x72 ./Drivers/STM32H5xx_HAL_Driver/Src/stm32h5xx_hal_uart_ex.o
                0x08009516                HAL_UARTEx_DisableFifoMode
 .text.HAL_UARTEx_SetTxFifoThreshold
                0x08009588       0x7c ./Drivers/STM32H5xx_HAL_Driver/Src/stm32h5xx_hal_uart_ex.o
                0x08009588                HAL_UARTEx_SetTxFifoThreshold
 .text.HAL_UARTEx_SetRxFifoThreshold
                0x08009604       0x7c ./Drivers/STM32H5xx_HAL_Driver/Src/stm32h5xx_hal_uart_ex.o
                0x08009604                HAL_UARTEx_SetRxFifoThreshold
 .text.UARTEx_SetNbDataToProcess
                0x08009680       0x9c ./Drivers/STM32H5xx_HAL_Driver/Src/stm32h5xx_hal_uart_ex.o
 .text.USB_CoreReset
                0x0800971c       0x2e ./Drivers/STM32H5xx_HAL_Driver/Src/stm32h5xx_ll_usb.o
 .text.USB_CoreInit
                0x0800974a       0x3c ./Drivers/STM32H5xx_HAL_Driver/Src/stm32h5xx_ll_usb.o
                0x0800974a                USB_CoreInit
 .text.USB_DisableGlobalInt
                0x08009786       0x2a ./Drivers/STM32H5xx_HAL_Driver/Src/stm32h5xx_ll_usb.o
                0x08009786                USB_DisableGlobalInt
 .text.USB_SetCurrentMode
                0x080097b0       0x46 ./Drivers/STM32H5xx_HAL_Driver/Src/stm32h5xx_ll_usb.o
                0x080097b0                USB_SetCurrentMode
 .text.USB_DevInit
                0x080097f6       0x46 ./Drivers/STM32H5xx_HAL_Driver/Src/stm32h5xx_ll_usb.o
                0x080097f6                USB_DevInit
 .text.USB_DevDisconnect
                0x0800983c       0x22 ./Drivers/STM32H5xx_HAL_Driver/Src/stm32h5xx_ll_usb.o
                0x0800983c                USB_DevDisconnect
 .text.memset   0x0800985e       0x10 C:/ST/STM32CubeIDE_1.19.0/STM32CubeIDE/plugins/com.st.stm32cube.ide.mcu.externaltools.gnu-tools-for-stm32.13.3.rel1.win32_1.0.0.202411081344/tools/bin/../lib/gcc/arm-none-eabi/13.3.1/../../../../arm-none-eabi/lib/thumb/v8-m.main+fp/hard\libc_nano.a(libc_a-memset.o)
                0x0800985e                memset
 *fill*         0x0800986e        0x2 
 .text.__libc_init_array
                0x08009870       0x48 C:/ST/STM32CubeIDE_1.19.0/STM32CubeIDE/plugins/com.st.stm32cube.ide.mcu.externaltools.gnu-tools-for-stm32.13.3.rel1.win32_1.0.0.202411081344/tools/bin/../lib/gcc/arm-none-eabi/13.3.1/../../../../arm-none-eabi/lib/thumb/v8-m.main+fp/hard\libc_nano.a(libc_a-init.o)
                0x08009870                __libc_init_array
 *(.glue_7)
 .glue_7        0x080098b8        0x0 linker stubs
 *(.glue_7t)
 .glue_7t       0x080098b8        0x0 linker stubs
 *(.eh_frame)
 .eh_frame      0x080098b8        0x0 C:/ST/STM32CubeIDE_1.19.0/STM32CubeIDE/plugins/com.st.stm32cube.ide.mcu.externaltools.gnu-tools-for-stm32.13.3.rel1.win32_1.0.0.202411081344/tools/bin/../lib/gcc/arm-none-eabi/13.3.1/thumb/v8-m.main+fp/hard/crtbegin.o
 *(.init)
 .init          0x080098b8        0x4 C:/ST/STM32CubeIDE_1.19.0/STM32CubeIDE/plugins/com.st.stm32cube.ide.mcu.externaltools.gnu-tools-for-stm32.13.3.rel1.win32_1.0.0.202411081344/tools/bin/../lib/gcc/arm-none-eabi/13.3.1/thumb/v8-m.main+fp/hard/crti.o
                0x080098b8                _init
 .init          0x080098bc        0x8 C:/ST/STM32CubeIDE_1.19.0/STM32CubeIDE/plugins/com.st.stm32cube.ide.mcu.externaltools.gnu-tools-for-stm32.13.3.rel1.win32_1.0.0.202411081344/tools/bin/../lib/gcc/arm-none-eabi/13.3.1/thumb/v8-m.main+fp/hard/crtn.o
 *(.fini)
 .fini          0x080098c4        0x4 C:/ST/STM32CubeIDE_1.19.0/STM32CubeIDE/plugins/com.st.stm32cube.ide.mcu.externaltools.gnu-tools-for-stm32.13.3.rel1.win32_1.0.0.202411081344/tools/bin/../lib/gcc/arm-none-eabi/13.3.1/thumb/v8-m.main+fp/hard/crti.o
                0x080098c4                _fini
 .fini          0x080098c8        0x8 C:/ST/STM32CubeIDE_1.19.0/STM32CubeIDE/plugins/com.st.stm32cube.ide.mcu.externaltools.gnu-tools-for-stm32.13.3.rel1.win32_1.0.0.202411081344/tools/bin/../lib/gcc/arm-none-eabi/13.3.1/thumb/v8-m.main+fp/hard/crtn.o
                0x080098d0                        . = ALIGN (0x4)
                0x080098d0                        _etext = .

.vfp11_veneer   0x080098d0        0x0
 .vfp11_veneer  0x080098d0        0x0 linker stubs

.v4_bx          0x080098d0        0x0
 .v4_bx         0x080098d0        0x0 linker stubs

.iplt           0x080098d0        0x0
 .iplt          0x080098d0        0x0 C:/ST/STM32CubeIDE_1.19.0/STM32CubeIDE/plugins/com.st.stm32cube.ide.mcu.externaltools.gnu-tools-for-stm32.13.3.rel1.win32_1.0.0.202411081344/tools/bin/../lib/gcc/arm-none-eabi/13.3.1/thumb/v8-m.main+fp/hard/crtbegin.o

.rodata         0x080098d0       0x48
                0x080098d0                        . = ALIGN (0x4)
 *(.rodata)
 *(.rodata*)
 .rodata.seq.0  0x080098d0        0x8 ./Core/Src/main.o
 .rodata.AHBPrescTable
                0x080098d8       0x10 ./Core/Src/system_stm32h5xx.o
                0x080098d8                AHBPrescTable
 .rodata.APBPrescTable
                0x080098e8        0x8 ./Core/Src/system_stm32h5xx.o
                0x080098e8                APBPrescTable
 .rodata.UARTPrescTable
                0x080098f0       0x18 ./Drivers/STM32H5xx_HAL_Driver/Src/stm32h5xx_hal_uart.o
                0x080098f0                UARTPrescTable
 .rodata.numerator.1
                0x08009908        0x8 ./Drivers/STM32H5xx_HAL_Driver/Src/stm32h5xx_hal_uart_ex.o
 .rodata.denominator.0
                0x08009910        0x8 ./Drivers/STM32H5xx_HAL_Driver/Src/stm32h5xx_hal_uart_ex.o
                0x08009918                        . = ALIGN (0x4)

.ARM.extab      0x08009918        0x0
                0x08009918                        . = ALIGN (0x4)
 *(.ARM.extab* .gnu.linkonce.armextab.*)
                0x08009918                        . = ALIGN (0x4)

.ARM            0x08009918        0x8
                0x08009918                        . = ALIGN (0x4)
                0x08009918                        __exidx_start = .
 *(.ARM.exidx*)
 .ARM.exidx     0x08009918        0x8 C:/ST/STM32CubeIDE_1.19.0/STM32CubeIDE/plugins/com.st.stm32cube.ide.mcu.externaltools.gnu-tools-for-stm32.13.3.rel1.win32_1.0.0.202411081344/tools/bin/../lib/gcc/arm-none-eabi/13.3.1/thumb/v8-m.main+fp/hard\libgcc.a(_udivmoddi4.o)
                0x08009920                        __exidx_end = .
                0x08009920                        . = ALIGN (0x4)

.preinit_array  0x08009920        0x0
                0x08009920                        . = ALIGN (0x4)
                0x08009920                        PROVIDE (__preinit_array_start = .)
 *(.preinit_array*)
                0x08009920                        PROVIDE (__preinit_array_end = .)
                0x08009920                        . = ALIGN (0x4)

.init_array     0x08009920        0x4
                0x08009920                        . = ALIGN (0x4)
                0x08009920                        PROVIDE (__init_array_start = .)
 *(SORT_BY_NAME(.init_array.*))
 *(.init_array*)
 .init_array    0x08009920        0x4 C:/ST/STM32CubeIDE_1.19.0/STM32CubeIDE/plugins/com.st.stm32cube.ide.mcu.externaltools.gnu-tools-for-stm32.13.3.rel1.win32_1.0.0.202411081344/tools/bin/../lib/gcc/arm-none-eabi/13.3.1/thumb/v8-m.main+fp/hard/crtbegin.o
                0x08009924                        PROVIDE (__init_array_end = .)
                0x08009924                        . = ALIGN (0x4)

.fini_array     0x08009924        0x4
                0x08009924                        . = ALIGN (0x4)
                [!provide]                        PROVIDE (__fini_array_start = .)
 *(SORT_BY_NAME(.fini_array.*))
 *(.fini_array*)
 .fini_array    0x08009924        0x4 C:/ST/STM32CubeIDE_1.19.0/STM32CubeIDE/plugins/com.st.stm32cube.ide.mcu.externaltools.gnu-tools-for-stm32.13.3.rel1.win32_1.0.0.202411081344/tools/bin/../lib/gcc/arm-none-eabi/13.3.1/thumb/v8-m.main+fp/hard/crtbegin.o
                [!provide]                        PROVIDE (__fini_array_end = .)
                0x08009928                        . = ALIGN (0x4)
                0x08009928                        _sidata = LOADADDR (.data)

.rel.dyn        0x08009928        0x0
 .rel.iplt      0x08009928        0x0 C:/ST/STM32CubeIDE_1.19.0/STM32CubeIDE/plugins/com.st.stm32cube.ide.mcu.externaltools.gnu-tools-for-stm32.13.3.rel1.win32_1.0.0.202411081344/tools/bin/../lib/gcc/arm-none-eabi/13.3.1/thumb/v8-m.main+fp/hard/crtbegin.o

.data           0x20000000        0xc load address 0x08009928
                0x20000000                        . = ALIGN (0x4)
                0x20000000                        _sdata = .
 *(.data)
 *(.data*)
 .data.SystemCoreClock
                0x20000000        0x4 ./Core/Src/system_stm32h5xx.o
                0x20000000                SystemCoreClock
 .data.uwTickPrio
                0x20000004        0x4 ./Drivers/STM32H5xx_HAL_Driver/Src/stm32h5xx_hal.o
                0x20000004                uwTickPrio
 .data.uwTickFreq
                0x20000008        0x1 ./Drivers/STM32H5xx_HAL_Driver/Src/stm32h5xx_hal.o
                0x20000008                uwTickFreq
 *(.RamFunc)
 *(.RamFunc*)
                0x2000000c                        . = ALIGN (0x4)
 *fill*         0x20000009        0x3 
                0x2000000c                        _edata = .

.igot.plt       0x2000000c        0x0 load address 0x08009934
 .igot.plt      0x2000000c        0x0 C:/ST/STM32CubeIDE_1.19.0/STM32CubeIDE/plugins/com.st.stm32cube.ide.mcu.externaltools.gnu-tools-for-stm32.13.3.rel1.win32_1.0.0.202411081344/tools/bin/../lib/gcc/arm-none-eabi/13.3.1/thumb/v8-m.main+fp/hard/crtbegin.o
                0x2000000c                        . = ALIGN (0x4)

.bss            0x2000000c      0x6e8 load address 0x08009934
                0x2000000c                        _sbss = .
                0x2000000c                        __bss_start__ = _sbss
 *(.bss)
 .bss           0x2000000c       0x1c C:/ST/STM32CubeIDE_1.19.0/STM32CubeIDE/plugins/com.st.stm32cube.ide.mcu.externaltools.gnu-tools-for-stm32.13.3.rel1.win32_1.0.0.202411081344/tools/bin/../lib/gcc/arm-none-eabi/13.3.1/thumb/v8-m.main+fp/hard/crtbegin.o
 *(.bss*)
 .bss.hi2c2     0x20000028       0x54 ./Core/Src/main.o
                0x20000028                hi2c2
 .bss.hi2c3     0x2000007c       0x54 ./Core/Src/main.o
                0x2000007c                hi2c3
 .bss.hi3c1     0x200000d0       0x58 ./Core/Src/main.o
                0x200000d0                hi3c1
 .bss.hspi1     0x20000128       0x90 ./Core/Src/main.o
                0x20000128                hspi1
 .bss.hspi2     0x200001b8       0x90 ./Core/Src/main.o
                0x200001b8                hspi2
 .bss.huart4    0x20000248       0x94 ./Core/Src/main.o
                0x20000248                huart4
 .bss.huart1    0x200002dc       0x94 ./Core/Src/main.o
                0x200002dc                huart1
 .bss.huart2    0x20000370       0x94 ./Core/Src/main.o
                0x20000370                huart2
 .bss.hpcd_USB_DRD_FS
                0x20000404      0x2e4 ./Core/Src/main.o
                0x20000404                hpcd_USB_DRD_FS
 .bss.blink_state
                0x200006e8        0x1 ./Core/Src/main.o
 *fill*         0x200006e9        0x3 
 .bss.i.1       0x200006ec        0x4 ./Core/Src/main.o
 .bss.uwTick    0x200006f0        0x4 ./Drivers/STM32H5xx_HAL_Driver/Src/stm32h5xx_hal.o
                0x200006f0                uwTick
 *(COMMON)
                0x200006f4                        . = ALIGN (0x4)
                0x200006f4                        _ebss = .
                0x200006f4                        __bss_end__ = _ebss

._user_heap_stack
                0x200006f4      0x604 load address 0x08009934
                0x200006f8                        . = ALIGN (0x8)
 *fill*         0x200006f4        0x4 
                [!provide]                        PROVIDE (end = .)
                0x200006f8                        PROVIDE (_end = .)
                0x200008f8                        . = (. + _Min_Heap_Size)
 *fill*         0x200006f8      0x200 
                0x20000cf8                        . = (. + _Min_Stack_Size)
 *fill*         0x200008f8      0x400 
                0x20000cf8                        . = ALIGN (0x8)

/DISCARD/
 libc.a(*)
 libm.a(*)
 libgcc.a(*)

.ARM.attributes
                0x00000000       0x36
 *(.ARM.attributes)
 .ARM.attributes
                0x00000000       0x26 C:/ST/STM32CubeIDE_1.19.0/STM32CubeIDE/plugins/com.st.stm32cube.ide.mcu.externaltools.gnu-tools-for-stm32.13.3.rel1.win32_1.0.0.202411081344/tools/bin/../lib/gcc/arm-none-eabi/13.3.1/thumb/v8-m.main+fp/hard/crti.o
 .ARM.attributes
                0x00000026       0x38 C:/ST/STM32CubeIDE_1.19.0/STM32CubeIDE/plugins/com.st.stm32cube.ide.mcu.externaltools.gnu-tools-for-stm32.13.3.rel1.win32_1.0.0.202411081344/tools/bin/../lib/gcc/arm-none-eabi/13.3.1/thumb/v8-m.main+fp/hard/crtbegin.o
 .ARM.attributes
                0x0000005e       0x3a ./Core/Src/main.o
 .ARM.attributes
                0x00000098       0x3a ./Core/Src/stm32h5xx_hal_msp.o
 .ARM.attributes
                0x000000d2       0x3a ./Core/Src/stm32h5xx_it.o
 .ARM.attributes
                0x0000010c       0x3a ./Core/Src/system_stm32h5xx.o
 .ARM.attributes
                0x00000146       0x24 ./Core/Startup/startup_stm32h573ritx.o
 .ARM.attributes
                0x0000016a       0x3a ./Drivers/STM32H5xx_HAL_Driver/Src/stm32h5xx_hal.o
 .ARM.attributes
                0x000001a4       0x3a ./Drivers/STM32H5xx_HAL_Driver/Src/stm32h5xx_hal_cortex.o
 .ARM.attributes
                0x000001de       0x3a ./Drivers/STM32H5xx_HAL_Driver/Src/stm32h5xx_hal_gpio.o
 .ARM.attributes
                0x00000218       0x3a ./Drivers/STM32H5xx_HAL_Driver/Src/stm32h5xx_hal_i2c.o
 .ARM.attributes
                0x00000252       0x3a ./Drivers/STM32H5xx_HAL_Driver/Src/stm32h5xx_hal_i2c_ex.o
 .ARM.attributes
                0x0000028c       0x3a ./Drivers/STM32H5xx_HAL_Driver/Src/stm32h5xx_hal_i3c.o
 .ARM.attributes
                0x000002c6       0x3a ./Drivers/STM32H5xx_HAL_Driver/Src/stm32h5xx_hal_icache.o
 .ARM.attributes
                0x00000300       0x3a ./Drivers/STM32H5xx_HAL_Driver/Src/stm32h5xx_hal_pcd.o
 .ARM.attributes
                0x0000033a       0x3a ./Drivers/STM32H5xx_HAL_Driver/Src/stm32h5xx_hal_pcd_ex.o
 .ARM.attributes
                0x00000374       0x3a ./Drivers/STM32H5xx_HAL_Driver/Src/stm32h5xx_hal_pwr_ex.o
 .ARM.attributes
                0x000003ae       0x3a ./Drivers/STM32H5xx_HAL_Driver/Src/stm32h5xx_hal_rcc.o
 .ARM.attributes
                0x000003e8       0x3a ./Drivers/STM32H5xx_HAL_Driver/Src/stm32h5xx_hal_rcc_ex.o
 .ARM.attributes
                0x00000422       0x3a ./Drivers/STM32H5xx_HAL_Driver/Src/stm32h5xx_hal_spi.o
 .ARM.attributes
                0x0000045c       0x3a ./Drivers/STM32H5xx_HAL_Driver/Src/stm32h5xx_hal_uart.o
 .ARM.attributes
                0x00000496       0x3a ./Drivers/STM32H5xx_HAL_Driver/Src/stm32h5xx_hal_uart_ex.o
 .ARM.attributes
                0x000004d0       0x3a ./Drivers/STM32H5xx_HAL_Driver/Src/stm32h5xx_ll_usb.o
 .ARM.attributes
                0x0000050a       0x38 C:/ST/STM32CubeIDE_1.19.0/STM32CubeIDE/plugins/com.st.stm32cube.ide.mcu.externaltools.gnu-tools-for-stm32.13.3.rel1.win32_1.0.0.202411081344/tools/bin/../lib/gcc/arm-none-eabi/13.3.1/../../../../arm-none-eabi/lib/thumb/v8-m.main+fp/hard\libc_nano.a(libc_a-memset.o)
 .ARM.attributes
                0x00000542       0x38 C:/ST/STM32CubeIDE_1.19.0/STM32CubeIDE/plugins/com.st.stm32cube.ide.mcu.externaltools.gnu-tools-for-stm32.13.3.rel1.win32_1.0.0.202411081344/tools/bin/../lib/gcc/arm-none-eabi/13.3.1/../../../../arm-none-eabi/lib/thumb/v8-m.main+fp/hard\libc_nano.a(libc_a-init.o)
 .ARM.attributes
                0x0000057a       0x26 C:/ST/STM32CubeIDE_1.19.0/STM32CubeIDE/plugins/com.st.stm32cube.ide.mcu.externaltools.gnu-tools-for-stm32.13.3.rel1.win32_1.0.0.202411081344/tools/bin/../lib/gcc/arm-none-eabi/13.3.1/thumb/v8-m.main+fp/hard\libgcc.a(_aeabi_uldivmod.o)
 .ARM.attributes
                0x000005a0       0x38 C:/ST/STM32CubeIDE_1.19.0/STM32CubeIDE/plugins/com.st.stm32cube.ide.mcu.externaltools.gnu-tools-for-stm32.13.3.rel1.win32_1.0.0.202411081344/tools/bin/../lib/gcc/arm-none-eabi/13.3.1/thumb/v8-m.main+fp/hard\libgcc.a(_udivmoddi4.o)
 .ARM.attributes
                0x000005d8       0x26 C:/ST/STM32CubeIDE_1.19.0/STM32CubeIDE/plugins/com.st.stm32cube.ide.mcu.externaltools.gnu-tools-for-stm32.13.3.rel1.win32_1.0.0.202411081344/tools/bin/../lib/gcc/arm-none-eabi/13.3.1/thumb/v8-m.main+fp/hard\libgcc.a(_dvmd_tls.o)
 .ARM.attributes
                0x000005fe       0x26 C:/ST/STM32CubeIDE_1.19.0/STM32CubeIDE/plugins/com.st.stm32cube.ide.mcu.externaltools.gnu-tools-for-stm32.13.3.rel1.win32_1.0.0.202411081344/tools/bin/../lib/gcc/arm-none-eabi/13.3.1/thumb/v8-m.main+fp/hard/crtn.o
OUTPUT(MiniMCU-STM32H573RIT6.elf elf32-littlearm)
LOAD linker stubs
LOAD C:/ST/STM32CubeIDE_1.19.0/STM32CubeIDE/plugins/com.st.stm32cube.ide.mcu.externaltools.gnu-tools-for-stm32.13.3.rel1.win32_1.0.0.202411081344/tools/bin/../lib/gcc/arm-none-eabi/13.3.1/../../../../arm-none-eabi/lib/thumb/v8-m.main+fp/hard\libc.a
LOAD C:/ST/STM32CubeIDE_1.19.0/STM32CubeIDE/plugins/com.st.stm32cube.ide.mcu.externaltools.gnu-tools-for-stm32.13.3.rel1.win32_1.0.0.202411081344/tools/bin/../lib/gcc/arm-none-eabi/13.3.1/../../../../arm-none-eabi/lib/thumb/v8-m.main+fp/hard\libm.a
LOAD C:/ST/STM32CubeIDE_1.19.0/STM32CubeIDE/plugins/com.st.stm32cube.ide.mcu.externaltools.gnu-tools-for-stm32.13.3.rel1.win32_1.0.0.202411081344/tools/bin/../lib/gcc/arm-none-eabi/13.3.1/thumb/v8-m.main+fp/hard\libgcc.a

.debug_info     0x00000000    0x1d516
 .debug_info    0x00000000     0x2c7f ./Core/Src/main.o
 .debug_info    0x00002c7f     0x275e ./Core/Src/stm32h5xx_hal_msp.o
 .debug_info    0x000053dd      0x128 ./Core/Src/stm32h5xx_it.o
 .debug_info    0x00005505      0xd8e ./Core/Src/system_stm32h5xx.o
 .debug_info    0x00006293       0x30 ./Core/Startup/startup_stm32h573ritx.o
 .debug_info    0x000062c3     0x13b1 ./Drivers/STM32H5xx_HAL_Driver/Src/stm32h5xx_hal.o
 .debug_info    0x00007674     0x166a ./Drivers/STM32H5xx_HAL_Driver/Src/stm32h5xx_hal_cortex.o
 .debug_info    0x00008cde      0x6b6 ./Drivers/STM32H5xx_HAL_Driver/Src/stm32h5xx_hal_gpio.o
 .debug_info    0x00009394     0x2322 ./Drivers/STM32H5xx_HAL_Driver/Src/stm32h5xx_hal_i2c.o
 .debug_info    0x0000b6b6      0x8f3 ./Drivers/STM32H5xx_HAL_Driver/Src/stm32h5xx_hal_i2c_ex.o
 .debug_info    0x0000bfa9     0x458b ./Drivers/STM32H5xx_HAL_Driver/Src/stm32h5xx_hal_i3c.o
 .debug_info    0x00010534      0x4d6 ./Drivers/STM32H5xx_HAL_Driver/Src/stm32h5xx_hal_icache.o
 .debug_info    0x00010a0a     0x1560 ./Drivers/STM32H5xx_HAL_Driver/Src/stm32h5xx_hal_pcd.o
 .debug_info    0x00011f6a      0x7eb ./Drivers/STM32H5xx_HAL_Driver/Src/stm32h5xx_hal_pcd_ex.o
 .debug_info    0x00012755      0x928 ./Drivers/STM32H5xx_HAL_Driver/Src/stm32h5xx_hal_pwr_ex.o
 .debug_info    0x0001307d     0x109f ./Drivers/STM32H5xx_HAL_Driver/Src/stm32h5xx_hal_rcc.o
 .debug_info    0x0001411c     0x12d7 ./Drivers/STM32H5xx_HAL_Driver/Src/stm32h5xx_hal_rcc_ex.o
 .debug_info    0x000153f3     0x15c9 ./Drivers/STM32H5xx_HAL_Driver/Src/stm32h5xx_hal_spi.o
 .debug_info    0x000169bc     0x4066 ./Drivers/STM32H5xx_HAL_Driver/Src/stm32h5xx_hal_uart.o
 .debug_info    0x0001aa22     0x10ec ./Drivers/STM32H5xx_HAL_Driver/Src/stm32h5xx_hal_uart_ex.o
 .debug_info    0x0001bb0e     0x1a08 ./Drivers/STM32H5xx_HAL_Driver/Src/stm32h5xx_ll_usb.o

.debug_abbrev   0x00000000     0x2f5d
 .debug_abbrev  0x00000000      0x33b ./Core/Src/main.o
 .debug_abbrev  0x0000033b      0x29c ./Core/Src/stm32h5xx_hal_msp.o
 .debug_abbrev  0x000005d7       0x73 ./Core/Src/stm32h5xx_it.o
 .debug_abbrev  0x0000064a      0x13a ./Core/Src/system_stm32h5xx.o
 .debug_abbrev  0x00000784       0x24 ./Core/Startup/startup_stm32h573ritx.o
 .debug_abbrev  0x000007a8      0x2af ./Drivers/STM32H5xx_HAL_Driver/Src/stm32h5xx_hal.o
 .debug_abbrev  0x00000a57      0x311 ./Drivers/STM32H5xx_HAL_Driver/Src/stm32h5xx_hal_cortex.o
 .debug_abbrev  0x00000d68      0x1db ./Drivers/STM32H5xx_HAL_Driver/Src/stm32h5xx_hal_gpio.o
 .debug_abbrev  0x00000f43      0x271 ./Drivers/STM32H5xx_HAL_Driver/Src/stm32h5xx_hal_i2c.o
 .debug_abbrev  0x000011b4      0x1a8 ./Drivers/STM32H5xx_HAL_Driver/Src/stm32h5xx_hal_i2c_ex.o
 .debug_abbrev  0x0000135c      0x29a ./Drivers/STM32H5xx_HAL_Driver/Src/stm32h5xx_hal_i3c.o
 .debug_abbrev  0x000015f6      0x228 ./Drivers/STM32H5xx_HAL_Driver/Src/stm32h5xx_hal_icache.o
 .debug_abbrev  0x0000181e      0x302 ./Drivers/STM32H5xx_HAL_Driver/Src/stm32h5xx_hal_pcd.o
 .debug_abbrev  0x00001b20      0x1e8 ./Drivers/STM32H5xx_HAL_Driver/Src/stm32h5xx_hal_pcd_ex.o
 .debug_abbrev  0x00001d08      0x299 ./Drivers/STM32H5xx_HAL_Driver/Src/stm32h5xx_hal_pwr_ex.o
 .debug_abbrev  0x00001fa1      0x290 ./Drivers/STM32H5xx_HAL_Driver/Src/stm32h5xx_hal_rcc.o
 .debug_abbrev  0x00002231      0x269 ./Drivers/STM32H5xx_HAL_Driver/Src/stm32h5xx_hal_rcc_ex.o
 .debug_abbrev  0x0000249a      0x2b3 ./Drivers/STM32H5xx_HAL_Driver/Src/stm32h5xx_hal_spi.o
 .debug_abbrev  0x0000274d      0x305 ./Drivers/STM32H5xx_HAL_Driver/Src/stm32h5xx_hal_uart.o
 .debug_abbrev  0x00002a52      0x2d4 ./Drivers/STM32H5xx_HAL_Driver/Src/stm32h5xx_hal_uart_ex.o
 .debug_abbrev  0x00002d26      0x237 ./Drivers/STM32H5xx_HAL_Driver/Src/stm32h5xx_ll_usb.o

.debug_aranges  0x00000000     0x19a0
 .debug_aranges
                0x00000000       0x90 ./Core/Src/main.o
 .debug_aranges
                0x00000090       0x70 ./Core/Src/stm32h5xx_hal_msp.o
 .debug_aranges
                0x00000100       0x60 ./Core/Src/stm32h5xx_it.o
 .debug_aranges
                0x00000160       0x28 ./Core/Src/system_stm32h5xx.o
 .debug_aranges
                0x00000188       0x28 ./Core/Startup/startup_stm32h573ritx.o
 .debug_aranges
                0x000001b0      0x200 ./Drivers/STM32H5xx_HAL_Driver/Src/stm32h5xx_hal.o
 .debug_aranges
                0x000003b0      0x140 ./Drivers/STM32H5xx_HAL_Driver/Src/stm32h5xx_hal_cortex.o
 .debug_aranges
                0x000004f0       0x78 ./Drivers/STM32H5xx_HAL_Driver/Src/stm32h5xx_hal_gpio.o
 .debug_aranges
                0x00000568      0x2a0 ./Drivers/STM32H5xx_HAL_Driver/Src/stm32h5xx_hal_i2c.o
 .debug_aranges
                0x00000808       0x40 ./Drivers/STM32H5xx_HAL_Driver/Src/stm32h5xx_hal_i2c_ex.o
 .debug_aranges
                0x00000848      0x650 ./Drivers/STM32H5xx_HAL_Driver/Src/stm32h5xx_hal_i3c.o
 .debug_aranges
                0x00000e98       0xa8 ./Drivers/STM32H5xx_HAL_Driver/Src/stm32h5xx_hal_icache.o
 .debug_aranges
                0x00000f40      0x150 ./Drivers/STM32H5xx_HAL_Driver/Src/stm32h5xx_hal_pcd.o
 .debug_aranges
                0x00001090       0x58 ./Drivers/STM32H5xx_HAL_Driver/Src/stm32h5xx_hal_pcd_ex.o
 .debug_aranges
                0x000010e8      0x148 ./Drivers/STM32H5xx_HAL_Driver/Src/stm32h5xx_hal_pwr_ex.o
 .debug_aranges
                0x00001230       0xa0 ./Drivers/STM32H5xx_HAL_Driver/Src/stm32h5xx_hal_rcc.o
 .debug_aranges
                0x000012d0      0x108 ./Drivers/STM32H5xx_HAL_Driver/Src/stm32h5xx_hal_rcc_ex.o
 .debug_aranges
                0x000013d8      0x1a8 ./Drivers/STM32H5xx_HAL_Driver/Src/stm32h5xx_hal_spi.o
 .debug_aranges
                0x00001580      0x248 ./Drivers/STM32H5xx_HAL_Driver/Src/stm32h5xx_hal_uart.o
 .debug_aranges
                0x000017c8       0xa8 ./Drivers/STM32H5xx_HAL_Driver/Src/stm32h5xx_hal_uart_ex.o
 .debug_aranges
                0x00001870      0x130 ./Drivers/STM32H5xx_HAL_Driver/Src/stm32h5xx_ll_usb.o

.debug_rnglists
                0x00000000     0x13ed
 .debug_rnglists
                0x00000000       0x72 ./Core/Src/main.o
 .debug_rnglists
                0x00000072       0x56 ./Core/Src/stm32h5xx_hal_msp.o
 .debug_rnglists
                0x000000c8       0x43 ./Core/Src/stm32h5xx_it.o
 .debug_rnglists
                0x0000010b       0x1b ./Core/Src/system_stm32h5xx.o
 .debug_rnglists
                0x00000126       0x19 ./Core/Startup/startup_stm32h573ritx.o
 .debug_rnglists
                0x0000013f      0x17d ./Drivers/STM32H5xx_HAL_Driver/Src/stm32h5xx_hal.o
 .debug_rnglists
                0x000002bc       0xec ./Drivers/STM32H5xx_HAL_Driver/Src/stm32h5xx_hal_cortex.o
 .debug_rnglists
                0x000003a8       0x57 ./Drivers/STM32H5xx_HAL_Driver/Src/stm32h5xx_hal_gpio.o
 .debug_rnglists
                0x000003ff      0x228 ./Drivers/STM32H5xx_HAL_Driver/Src/stm32h5xx_hal_i2c.o
 .debug_rnglists
                0x00000627       0x30 ./Drivers/STM32H5xx_HAL_Driver/Src/stm32h5xx_hal_i2c_ex.o
 .debug_rnglists
                0x00000657      0x4f5 ./Drivers/STM32H5xx_HAL_Driver/Src/stm32h5xx_hal_i3c.o
 .debug_rnglists
                0x00000b4c       0x7a ./Drivers/STM32H5xx_HAL_Driver/Src/stm32h5xx_hal_icache.o
 .debug_rnglists
                0x00000bc6      0x100 ./Drivers/STM32H5xx_HAL_Driver/Src/stm32h5xx_hal_pcd.o
 .debug_rnglists
                0x00000cc6       0x3f ./Drivers/STM32H5xx_HAL_Driver/Src/stm32h5xx_hal_pcd_ex.o
 .debug_rnglists
                0x00000d05       0xf3 ./Drivers/STM32H5xx_HAL_Driver/Src/stm32h5xx_hal_pwr_ex.o
 .debug_rnglists
                0x00000df8       0x79 ./Drivers/STM32H5xx_HAL_Driver/Src/stm32h5xx_hal_rcc.o
 .debug_rnglists
                0x00000e71       0xcf ./Drivers/STM32H5xx_HAL_Driver/Src/stm32h5xx_hal_rcc_ex.o
 .debug_rnglists
                0x00000f40      0x148 ./Drivers/STM32H5xx_HAL_Driver/Src/stm32h5xx_hal_spi.o
 .debug_rnglists
                0x00001088      0x1fb ./Drivers/STM32H5xx_HAL_Driver/Src/stm32h5xx_hal_uart.o
 .debug_rnglists
                0x00001283       0x7f ./Drivers/STM32H5xx_HAL_Driver/Src/stm32h5xx_hal_uart_ex.o
 .debug_rnglists
                0x00001302       0xeb ./Drivers/STM32H5xx_HAL_Driver/Src/stm32h5xx_ll_usb.o

.debug_macro    0x00000000    0x34376
 .debug_macro   0x00000000      0x2f7 ./Core/Src/main.o
 .debug_macro   0x000002f7      0xade ./Core/Src/main.o
 .debug_macro   0x00000dd5      0x1fe ./Core/Src/main.o
 .debug_macro   0x00000fd3       0x22 ./Core/Src/main.o
 .debug_macro   0x00000ff5       0x5b ./Core/Src/main.o
 .debug_macro   0x00001050       0x2a ./Core/Src/main.o
 .debug_macro   0x0000107a       0x94 ./Core/Src/main.o
 .debug_macro   0x0000110e       0x43 ./Core/Src/main.o
 .debug_macro   0x00001151       0x34 ./Core/Src/main.o
 .debug_macro   0x00001185      0x190 ./Core/Src/main.o
 .debug_macro   0x00001315       0x57 ./Core/Src/main.o
 .debug_macro   0x0000136c      0x370 ./Core/Src/main.o
 .debug_macro   0x000016dc       0x16 ./Core/Src/main.o
 .debug_macro   0x000016f2       0x4a ./Core/Src/main.o
 .debug_macro   0x0000173c       0x34 ./Core/Src/main.o
 .debug_macro   0x00001770       0x10 ./Core/Src/main.o
 .debug_macro   0x00001780       0x58 ./Core/Src/main.o
 .debug_macro   0x000017d8       0x8e ./Core/Src/main.o
 .debug_macro   0x00001866       0x1c ./Core/Src/main.o
 .debug_macro   0x00001882      0x185 ./Core/Src/main.o
 .debug_macro   0x00001a07      0x19b ./Core/Src/main.o
 .debug_macro   0x00001ba2       0x28 ./Core/Src/main.o
 .debug_macro   0x00001bca       0x49 ./Core/Src/main.o
 .debug_macro   0x00001c13      0x103 ./Core/Src/main.o
 .debug_macro   0x00001d16       0x6a ./Core/Src/main.o
 .debug_macro   0x00001d80      0x1df ./Core/Src/main.o
 .debug_macro   0x00001f5f       0x1c ./Core/Src/main.o
 .debug_macro   0x00001f7b       0x29 ./Core/Src/main.o
 .debug_macro   0x00001fa4       0xfb ./Core/Src/main.o
 .debug_macro   0x0000209f     0x1685 ./Core/Src/main.o
 .debug_macro   0x00003724       0x5e ./Core/Src/main.o
 .debug_macro   0x00003782    0x21f07 ./Core/Src/main.o
 .debug_macro   0x00025689       0x6d ./Core/Src/main.o
 .debug_macro   0x000256f6     0x388a ./Core/Src/main.o
 .debug_macro   0x00028f80       0x63 ./Core/Src/main.o
 .debug_macro   0x00028fe3     0x1fae ./Core/Src/main.o
 .debug_macro   0x0002af91      0xe96 ./Core/Src/main.o
 .debug_macro   0x0002be27      0x166 ./Core/Src/main.o
 .debug_macro   0x0002bf8d      0x300 ./Core/Src/main.o
 .debug_macro   0x0002c28d       0xca ./Core/Src/main.o
 .debug_macro   0x0002c357      0x94f ./Core/Src/main.o
 .debug_macro   0x0002cca6      0x478 ./Core/Src/main.o
 .debug_macro   0x0002d11e       0xd6 ./Core/Src/main.o
 .debug_macro   0x0002d1f4      0x1cd ./Core/Src/main.o
 .debug_macro   0x0002d3c1      0x55b ./Core/Src/main.o
 .debug_macro   0x0002d91c      0x638 ./Core/Src/main.o
 .debug_macro   0x0002df54       0x7b ./Core/Src/main.o
 .debug_macro   0x0002dfcf      0x22c ./Core/Src/main.o
 .debug_macro   0x0002e1fb       0x35 ./Core/Src/main.o
 .debug_macro   0x0002e230       0xa5 ./Core/Src/main.o
 .debug_macro   0x0002e2d5      0x424 ./Core/Src/main.o
 .debug_macro   0x0002e6f9      0x505 ./Core/Src/main.o
 .debug_macro   0x0002ebfe      0x313 ./Core/Src/main.o
 .debug_macro   0x0002ef11      0x1bb ./Core/Src/main.o
 .debug_macro   0x0002f0cc      0x5cf ./Core/Src/main.o
 .debug_macro   0x0002f69b       0xeb ./Core/Src/main.o
 .debug_macro   0x0002f786      0x693 ./Core/Src/main.o
 .debug_macro   0x0002fe19       0xa6 ./Core/Src/main.o
 .debug_macro   0x0002febf      0x23f ./Core/Src/main.o
 .debug_macro   0x000300fe      0x177 ./Core/Src/main.o
 .debug_macro   0x00030275      0x2a7 ./Core/Src/main.o
 .debug_macro   0x0003051c      0x4ee ./Core/Src/main.o
 .debug_macro   0x00030a0a       0x34 ./Core/Src/main.o
 .debug_macro   0x00030a3e       0x22 ./Core/Src/main.o
 .debug_macro   0x00030a60      0x2e2 ./Core/Src/stm32h5xx_hal_msp.o
 .debug_macro   0x00030d42      0x2ec ./Core/Src/stm32h5xx_it.o
 .debug_macro   0x0003102e      0x2da ./Core/Src/system_stm32h5xx.o
 .debug_macro   0x00031308      0x309 ./Drivers/STM32H5xx_HAL_Driver/Src/stm32h5xx_hal.o
 .debug_macro   0x00031611      0x2d3 ./Drivers/STM32H5xx_HAL_Driver/Src/stm32h5xx_hal_cortex.o
 .debug_macro   0x000318e4      0x309 ./Drivers/STM32H5xx_HAL_Driver/Src/stm32h5xx_hal_gpio.o
 .debug_macro   0x00031bed      0x39f ./Drivers/STM32H5xx_HAL_Driver/Src/stm32h5xx_hal_i2c.o
 .debug_macro   0x00031f8c      0x2d3 ./Drivers/STM32H5xx_HAL_Driver/Src/stm32h5xx_hal_i2c_ex.o
 .debug_macro   0x0003225f      0x3de ./Drivers/STM32H5xx_HAL_Driver/Src/stm32h5xx_hal_i3c.o
 .debug_macro   0x0003263d      0x305 ./Drivers/STM32H5xx_HAL_Driver/Src/stm32h5xx_hal_icache.o
 .debug_macro   0x00032942      0x2df ./Drivers/STM32H5xx_HAL_Driver/Src/stm32h5xx_hal_pcd.o
 .debug_macro   0x00032c21      0x2d3 ./Drivers/STM32H5xx_HAL_Driver/Src/stm32h5xx_hal_pcd_ex.o
 .debug_macro   0x00032ef4      0x2fd ./Drivers/STM32H5xx_HAL_Driver/Src/stm32h5xx_hal_pwr_ex.o
 .debug_macro   0x000331f1      0x315 ./Drivers/STM32H5xx_HAL_Driver/Src/stm32h5xx_hal_rcc.o
 .debug_macro   0x00033506      0x2e5 ./Drivers/STM32H5xx_HAL_Driver/Src/stm32h5xx_hal_rcc_ex.o
 .debug_macro   0x000337eb      0x2db ./Drivers/STM32H5xx_HAL_Driver/Src/stm32h5xx_hal_spi.o
 .debug_macro   0x00033ac6      0x2fe ./Drivers/STM32H5xx_HAL_Driver/Src/stm32h5xx_hal_uart.o
 .debug_macro   0x00033dc4      0x2df ./Drivers/STM32H5xx_HAL_Driver/Src/stm32h5xx_hal_uart_ex.o
 .debug_macro   0x000340a3      0x2d3 ./Drivers/STM32H5xx_HAL_Driver/Src/stm32h5xx_ll_usb.o

.debug_line     0x00000000    0x1f41a
 .debug_line    0x00000000      0xe10 ./Core/Src/main.o
 .debug_line    0x00000e10      0xc63 ./Core/Src/stm32h5xx_hal_msp.o
 .debug_line    0x00001a73      0x9e8 ./Core/Src/stm32h5xx_it.o
 .debug_line    0x0000245b      0xabd ./Core/Src/system_stm32h5xx.o
 .debug_line    0x00002f18       0x7b ./Core/Startup/startup_stm32h573ritx.o
 .debug_line    0x00002f93     0x105d ./Drivers/STM32H5xx_HAL_Driver/Src/stm32h5xx_hal.o
 .debug_line    0x00003ff0      0xf8c ./Drivers/STM32H5xx_HAL_Driver/Src/stm32h5xx_hal_cortex.o
 .debug_line    0x00004f7c      0xd46 ./Drivers/STM32H5xx_HAL_Driver/Src/stm32h5xx_hal_gpio.o
 .debug_line    0x00005cc2     0x3bfb ./Drivers/STM32H5xx_HAL_Driver/Src/stm32h5xx_hal_i2c.o
 .debug_line    0x000098bd      0xac6 ./Drivers/STM32H5xx_HAL_Driver/Src/stm32h5xx_hal_i2c_ex.o
 .debug_line    0x0000a383     0x4e08 ./Drivers/STM32H5xx_HAL_Driver/Src/stm32h5xx_hal_i3c.o
 .debug_line    0x0000f18b      0xc2f ./Drivers/STM32H5xx_HAL_Driver/Src/stm32h5xx_hal_icache.o
 .debug_line    0x0000fdba     0x15ff ./Drivers/STM32H5xx_HAL_Driver/Src/stm32h5xx_hal_pcd.o
 .debug_line    0x000113b9      0xad7 ./Drivers/STM32H5xx_HAL_Driver/Src/stm32h5xx_hal_pcd_ex.o
 .debug_line    0x00011e90      0xe67 ./Drivers/STM32H5xx_HAL_Driver/Src/stm32h5xx_hal_pwr_ex.o
 .debug_line    0x00012cf7     0x14d5 ./Drivers/STM32H5xx_HAL_Driver/Src/stm32h5xx_hal_rcc.o
 .debug_line    0x000141cc     0x2f61 ./Drivers/STM32H5xx_HAL_Driver/Src/stm32h5xx_hal_rcc_ex.o
 .debug_line    0x0001712d     0x26fa ./Drivers/STM32H5xx_HAL_Driver/Src/stm32h5xx_hal_spi.o
 .debug_line    0x00019827     0x3618 ./Drivers/STM32H5xx_HAL_Driver/Src/stm32h5xx_hal_uart.o
 .debug_line    0x0001ce3f      0xeaf ./Drivers/STM32H5xx_HAL_Driver/Src/stm32h5xx_hal_uart_ex.o
 .debug_line    0x0001dcee     0x172c ./Drivers/STM32H5xx_HAL_Driver/Src/stm32h5xx_ll_usb.o

.debug_str      0x00000000   0x146fed
 .debug_str     0x00000000   0x146fed ./Core/Src/main.o
                             0x13f29d (size before relaxing)
 .debug_str     0x00146fed   0x13efb7 ./Core/Src/stm32h5xx_hal_msp.o
 .debug_str     0x00146fed   0x13d581 ./Core/Src/stm32h5xx_it.o
 .debug_str     0x00146fed   0x13daaa ./Core/Src/system_stm32h5xx.o
 .debug_str     0x00146fed       0x70 ./Core/Startup/startup_stm32h573ritx.o
 .debug_str     0x00146fed   0x13e916 ./Drivers/STM32H5xx_HAL_Driver/Src/stm32h5xx_hal.o
 .debug_str     0x00146fed   0x13e4a5 ./Drivers/STM32H5xx_HAL_Driver/Src/stm32h5xx_hal_cortex.o
 .debug_str     0x00146fed   0x13d80f ./Drivers/STM32H5xx_HAL_Driver/Src/stm32h5xx_hal_gpio.o
 .debug_str     0x00146fed   0x13ea5d ./Drivers/STM32H5xx_HAL_Driver/Src/stm32h5xx_hal_i2c.o
 .debug_str     0x00146fed   0x13db7e ./Drivers/STM32H5xx_HAL_Driver/Src/stm32h5xx_hal_i2c_ex.o
 .debug_str     0x00146fed   0x140076 ./Drivers/STM32H5xx_HAL_Driver/Src/stm32h5xx_hal_i3c.o
 .debug_str     0x00146fed   0x13db38 ./Drivers/STM32H5xx_HAL_Driver/Src/stm32h5xx_hal_icache.o
 .debug_str     0x00146fed   0x13de8a ./Drivers/STM32H5xx_HAL_Driver/Src/stm32h5xx_hal_pcd.o
 .debug_str     0x00146fed   0x13da12 ./Drivers/STM32H5xx_HAL_Driver/Src/stm32h5xx_hal_pcd_ex.o
 .debug_str     0x00146fed   0x13dbf4 ./Drivers/STM32H5xx_HAL_Driver/Src/stm32h5xx_hal_pwr_ex.o
 .debug_str     0x00146fed   0x13dfef ./Drivers/STM32H5xx_HAL_Driver/Src/stm32h5xx_hal_rcc.o
 .debug_str     0x00146fed   0x13e339 ./Drivers/STM32H5xx_HAL_Driver/Src/stm32h5xx_hal_rcc_ex.o
 .debug_str     0x00146fed   0x13e115 ./Drivers/STM32H5xx_HAL_Driver/Src/stm32h5xx_hal_spi.o
 .debug_str     0x00146fed   0x13e4f0 ./Drivers/STM32H5xx_HAL_Driver/Src/stm32h5xx_hal_uart.o
 .debug_str     0x00146fed   0x13dec1 ./Drivers/STM32H5xx_HAL_Driver/Src/stm32h5xx_hal_uart_ex.o
 .debug_str     0x00146fed   0x13dbea ./Drivers/STM32H5xx_HAL_Driver/Src/stm32h5xx_ll_usb.o

.comment        0x00000000       0x43
 .comment       0x00000000       0x43 ./Core/Src/main.o
                                 0x44 (size before relaxing)
 .comment       0x00000043       0x44 ./Core/Src/stm32h5xx_hal_msp.o
 .comment       0x00000043       0x44 ./Core/Src/stm32h5xx_it.o
 .comment       0x00000043       0x44 ./Core/Src/system_stm32h5xx.o
 .comment       0x00000043       0x44 ./Drivers/STM32H5xx_HAL_Driver/Src/stm32h5xx_hal.o
 .comment       0x00000043       0x44 ./Drivers/STM32H5xx_HAL_Driver/Src/stm32h5xx_hal_cortex.o
 .comment       0x00000043       0x44 ./Drivers/STM32H5xx_HAL_Driver/Src/stm32h5xx_hal_gpio.o
 .comment       0x00000043       0x44 ./Drivers/STM32H5xx_HAL_Driver/Src/stm32h5xx_hal_i2c.o
 .comment       0x00000043       0x44 ./Drivers/STM32H5xx_HAL_Driver/Src/stm32h5xx_hal_i2c_ex.o
 .comment       0x00000043       0x44 ./Drivers/STM32H5xx_HAL_Driver/Src/stm32h5xx_hal_i3c.o
 .comment       0x00000043       0x44 ./Drivers/STM32H5xx_HAL_Driver/Src/stm32h5xx_hal_icache.o
 .comment       0x00000043       0x44 ./Drivers/STM32H5xx_HAL_Driver/Src/stm32h5xx_hal_pcd.o
 .comment       0x00000043       0x44 ./Drivers/STM32H5xx_HAL_Driver/Src/stm32h5xx_hal_pcd_ex.o
 .comment       0x00000043       0x44 ./Drivers/STM32H5xx_HAL_Driver/Src/stm32h5xx_hal_pwr_ex.o
 .comment       0x00000043       0x44 ./Drivers/STM32H5xx_HAL_Driver/Src/stm32h5xx_hal_rcc.o
 .comment       0x00000043       0x44 ./Drivers/STM32H5xx_HAL_Driver/Src/stm32h5xx_hal_rcc_ex.o
 .comment       0x00000043       0x44 ./Drivers/STM32H5xx_HAL_Driver/Src/stm32h5xx_hal_spi.o
 .comment       0x00000043       0x44 ./Drivers/STM32H5xx_HAL_Driver/Src/stm32h5xx_hal_uart.o
 .comment       0x00000043       0x44 ./Drivers/STM32H5xx_HAL_Driver/Src/stm32h5xx_hal_uart_ex.o
 .comment       0x00000043       0x44 ./Drivers/STM32H5xx_HAL_Driver/Src/stm32h5xx_ll_usb.o

.debug_frame    0x00000000     0x7094
 .debug_frame   0x00000000      0x1d4 ./Core/Src/main.o
 .debug_frame   0x000001d4      0x1b0 ./Core/Src/stm32h5xx_hal_msp.o
 .debug_frame   0x00000384      0x104 ./Core/Src/stm32h5xx_it.o
 .debug_frame   0x00000488       0x60 ./Core/Src/system_stm32h5xx.o
 .debug_frame   0x000004e8      0x828 ./Drivers/STM32H5xx_HAL_Driver/Src/stm32h5xx_hal.o
 .debug_frame   0x00000d10      0x560 ./Drivers/STM32H5xx_HAL_Driver/Src/stm32h5xx_hal_cortex.o
 .debug_frame   0x00001270      0x1ec ./Drivers/STM32H5xx_HAL_Driver/Src/stm32h5xx_hal_gpio.o
 .debug_frame   0x0000145c      0xc44 ./Drivers/STM32H5xx_HAL_Driver/Src/stm32h5xx_hal_i2c.o
 .debug_frame   0x000020a0       0xd8 ./Drivers/STM32H5xx_HAL_Driver/Src/stm32h5xx_hal_i2c_ex.o
 .debug_frame   0x00002178     0x1e40 ./Drivers/STM32H5xx_HAL_Driver/Src/stm32h5xx_hal_i3c.o
 .debug_frame   0x00003fb8      0x298 ./Drivers/STM32H5xx_HAL_Driver/Src/stm32h5xx_hal_icache.o
 .debug_frame   0x00004250      0x5e0 ./Drivers/STM32H5xx_HAL_Driver/Src/stm32h5xx_hal_pcd.o
 .debug_frame   0x00004830      0x14c ./Drivers/STM32H5xx_HAL_Driver/Src/stm32h5xx_hal_pcd_ex.o
 .debug_frame   0x0000497c      0x50c ./Drivers/STM32H5xx_HAL_Driver/Src/stm32h5xx_hal_pwr_ex.o
 .debug_frame   0x00004e88      0x268 ./Drivers/STM32H5xx_HAL_Driver/Src/stm32h5xx_hal_rcc.o
 .debug_frame   0x000050f0      0x470 ./Drivers/STM32H5xx_HAL_Driver/Src/stm32h5xx_hal_rcc_ex.o
 .debug_frame   0x00005560      0x7ac ./Drivers/STM32H5xx_HAL_Driver/Src/stm32h5xx_hal_spi.o
 .debug_frame   0x00005d0c      0xa84 ./Drivers/STM32H5xx_HAL_Driver/Src/stm32h5xx_hal_uart.o
 .debug_frame   0x00006790      0x2c4 ./Drivers/STM32H5xx_HAL_Driver/Src/stm32h5xx_hal_uart_ex.o
 .debug_frame   0x00006a54      0x590 ./Drivers/STM32H5xx_HAL_Driver/Src/stm32h5xx_ll_usb.o
 .debug_frame   0x00006fe4       0x20 C:/ST/STM32CubeIDE_1.19.0/STM32CubeIDE/plugins/com.st.stm32cube.ide.mcu.externaltools.gnu-tools-for-stm32.13.3.rel1.win32_1.0.0.202411081344/tools/bin/../lib/gcc/arm-none-eabi/13.3.1/../../../../arm-none-eabi/lib/thumb/v8-m.main+fp/hard\libc_nano.a(libc_a-memset.o)
 .debug_frame   0x00007004       0x2c C:/ST/STM32CubeIDE_1.19.0/STM32CubeIDE/plugins/com.st.stm32cube.ide.mcu.externaltools.gnu-tools-for-stm32.13.3.rel1.win32_1.0.0.202411081344/tools/bin/../lib/gcc/arm-none-eabi/13.3.1/../../../../arm-none-eabi/lib/thumb/v8-m.main+fp/hard\libc_nano.a(libc_a-init.o)
 .debug_frame   0x00007030       0x2c C:/ST/STM32CubeIDE_1.19.0/STM32CubeIDE/plugins/com.st.stm32cube.ide.mcu.externaltools.gnu-tools-for-stm32.13.3.rel1.win32_1.0.0.202411081344/tools/bin/../lib/gcc/arm-none-eabi/13.3.1/thumb/v8-m.main+fp/hard\libgcc.a(_aeabi_uldivmod.o)
 .debug_frame   0x0000705c       0x38 C:/ST/STM32CubeIDE_1.19.0/STM32CubeIDE/plugins/com.st.stm32cube.ide.mcu.externaltools.gnu-tools-for-stm32.13.3.rel1.win32_1.0.0.202411081344/tools/bin/../lib/gcc/arm-none-eabi/13.3.1/thumb/v8-m.main+fp/hard\libgcc.a(_udivmoddi4.o)

.debug_line_str
                0x00000000       0x54
 .debug_line_str
                0x00000000       0x54 ./Core/Startup/startup_stm32h573ritx.o
